File_Handling.c:36:6:Send_Uart	16	static
File_Handling.c:43:6:Mount_USB	8	static
File_Handling.c:50:6:Unmount_USB	8	static
File_Handling.c:58:9:Scan_USB	112	static
File_Handling.c:101:9:Format_USB	96	static
File_Handling.c:135:9:Write_File	40	static
File_Handling.c:199:9:Read_File	56	static
File_Handling.c:272:9:Create_File	40	static
File_Handling.c:321:9:Update_File	48	static
File_Handling.c:390:9:Remove_File	32	static
File_Handling.c:425:9:Create_Dir	24	static
File_Handling.c:445:6:Check_USB_Details	24	static
